// Jest Snapshot v1, https://goo.gl/fbAQLP

exports[`View Tribe Page test Renders correctly 1`] = `
"<fullwidthwithnavbartemplate-stub>
  <div class=\\"pt-3\\">
    <tribeorganism-stub tribe=\\"[object Object]\\"></tribeorganism-stub>
  </div>
</fullwidthwithnavbartemplate-stub>"
`;
