// Jest Snapshot v1, https://goo.gl/fbAQLP

exports[`Chapter Label Atom test Renders correctly 1`] = `
"<div class=\\"label text-center\\" style=\\"--bg-colour: #FF00FF;\\">
  Chapter Test
</div>"
`;
